{"level":"info","message":"something","user":"alice","ts":"2025-08-30T
11:22:33Z"}
